  Page 1                                    Thu Mar 22 11:33:37 2007

  ******************************************************************
  *                           E P A N E T                          *
  *                   Hydraulic and Water Quality                  *
  *                   Analysis for Pipe Networks                   *
  *                           Version 2.0                          *
  ******************************************************************
  
  Analysis begun Thu Mar 22 11:33:37 2007

  Processing MSX input file net3-bio.msx
  
  
Page 1                                               EPANET-MSX 1.0
  
  ******************************************************************
  *                      E P A N E T  -  M S X                     *
  *                   Multi-Species Water Quality                  *
  *                   Analysis for Pipe  Networks                  *
  *                           Version 1.0                          *
  ******************************************************************
  
  Two-Source Biofilm Model

  
  
  
  Average Values           CL2           S          Nb
  for Node                MG/L        MG/L    log(N)/L
  ----------------  ----------  ----------  ----------
  10                      1.17        1.00        4.00
  15                      0.45        0.39        3.64
  20                      0.49        0.37        3.84
  35                      0.69        0.43        4.78
  40                      0.18        0.43        5.63
  50                      0.04        0.22        6.46
  60                      1.19        0.40        4.00
  601                     1.15        0.40        3.95
  61                      1.19        0.40        3.99
  101                     0.62        0.78        3.91
  103                     0.51        0.81        3.88
  105                     0.60        0.76        3.92
  107                     0.44        0.82        3.88
  109                     0.41        0.85        3.92
  111                     0.52        0.75        3.92
  113                     0.42        0.77        3.90
  115                     0.53        0.73        3.91
  117                     0.57        0.73        3.92
  119                     0.92        0.42        3.86
  120                     0.66        0.62        3.90
  121                     0.95        0.40        3.87
  123                     1.00        0.40        3.87
  125                     0.67        0.38        3.84
  127                     0.52        0.37        3.83
  129                     0.46        0.37        3.77
  131                     0.12        0.37        2.96
  139                     0.45        0.37        3.76
  141                     0.44        0.38        3.71
  143                     0.48        0.39        3.64
  145                     0.56        0.40        3.66
  147                     0.66        0.42        3.66
  149                     0.69        0.42        3.67
  151                     0.66        0.41        3.76
  153                     0.65        0.38        3.79
  157                     0.90        0.42        3.85
  159                     0.88        0.42        3.85
  161                     0.87        0.42        3.84
  163                     0.86        0.42        3.84
  164                     0.49        0.43        3.43
  166                     0.10        0.42        3.25
  167                     0.82        0.43        3.82
  169                     0.84        0.43        3.83
  171                     0.83        0.43        3.83
  173                     0.82        0.43        3.82
  177                     0.31        0.53        5.21
  179                     0.24        0.58        5.14
  181                     0.69        0.43        4.73
  183                     0.35        0.69        4.19
  184                     0.30        0.74        4.22
  185                     0.31        0.74        4.20
  187                     0.34        0.78        3.94
  189                     0.44        0.72        3.90
  191                     0.36        0.79        3.95
  193                     0.44        0.74        3.90
  195                     0.51        0.69        3.90
  197                     0.36        0.79        3.90
  199                     0.80        0.43        3.81
  201                     0.79        0.43        3.81
  203                     0.79        0.43        3.81
  204                     0.33        0.78        3.93
  205                     0.27        0.75        4.55
  206                     0.32        0.69        4.53
  207                     0.33        0.69        4.52
  208                     0.30        0.69        4.53
  209                     0.29        0.70        4.54
  211                     0.25        0.71        4.58
  213                     0.22        0.71        5.00
  215                     0.13        0.22        6.81
  217                     0.10        0.16        6.76
  219                     0.07        0.12        6.51
  225                     0.07        0.11        6.49
  229                     0.16        0.55        6.40
  231                     0.05        0.12        6.10
  237                     0.19        0.70        5.19
  239                     0.16        0.67        5.62
  241                     0.15        0.49        6.31
  243                     0.00        0.07        3.86
  247                     0.14        0.35        6.62
  249                     0.15        0.44        6.49
  251                     0.07        0.21        6.65
  253                     0.05        0.20        6.64
  255                     0.08        0.25        6.59
  257                     0.55        0.71        3.91
  259                     0.56        0.72        3.91
  261                     0.57        0.74        3.92
  263                     0.58        0.74        3.92
  265                     0.85        0.43        3.83
  267                     0.42        0.74        3.90
  269                     0.73        0.50        3.84
  271                     0.80        0.44        3.81
  273                     0.67        0.48        3.93
  275                     0.61        0.48        3.91
  4                       1.20        0.40        0.00
  5                       1.20        1.00        0.00
  1                       0.01        0.15        6.98
  2                       0.01        0.20        6.15
  3                       0.09        0.34        3.88
  
  
  
  Average Values           CL2           S          Nb          Na
  for Link                MG/L        MG/L    log(N)/L  log(N)/CM2
  ----------------  ----------  ----------  ----------  ----------
  20                      0.40        0.37        3.84        3.47
  40                      0.14        0.33        6.02        7.17
  50                      0.04        0.20        6.35        6.68
  60                      1.20        0.40        0.00        1.68
  101                     0.54        1.00        3.94        2.06
  103                     0.58        0.80        3.90        1.89
  105                     0.63        0.77        3.91        1.64
  107                     0.51        0.79        3.89        1.97
  109                     0.33        0.94        3.92        2.25
  111                     0.50        0.77        3.92        1.72
  112                     0.51        0.72        3.91        2.07
  113                     0.42        0.79        3.90        2.01
  114                     0.49        0.74        3.91        1.82
  115                     0.39        0.85        3.89        1.86
  116                     0.39        0.78        3.90        1.95
  117                     0.60        0.75        3.92        1.73
  119                     0.52        0.72        3.91        2.06
  120                     0.66        0.62        3.90        1.68
  121                     0.63        0.66        3.91        1.82
  122                     0.94        0.40        3.85        1.48
  123                     0.95        0.40        3.86        1.85
  125                     1.00        0.40        3.87        1.84
  129                     0.70        0.38        3.83        2.13
  131                     0.63        0.38        3.84        2.18
  133                     0.51        0.37        3.83        2.08
  135                     0.49        0.37        3.80        2.53
  137                     0.29        0.37        3.28        2.06
  145                     0.44        0.37        3.76        1.66
  147                     0.44        0.37        3.75        1.66
  149                     0.47        0.39        3.66        1.36
  151                     0.47        0.39        3.64        1.35
  153                     0.52        0.39        3.66        1.79
  155                     0.61        0.41        3.65        1.68
  159                     0.67        0.42        3.66        1.66
  161                     0.69        0.42        3.69        1.39
  163                     0.61        0.38        3.77        1.94
  169                     0.66        0.38        3.81        1.63
  171                     0.76        0.42        3.78        1.72
  173                     0.91        0.42        3.86        1.87
  175                     0.89        0.42        3.85        1.86
  177                     0.88        0.42        3.84        1.86
  179                     0.87        0.42        3.84        1.85
  180                     0.66        0.42        3.62        1.78
  181                     0.25        0.42        3.01        2.65
  183                     0.85        0.43        3.83        1.85
  185                     0.83        0.43        3.83        1.65
  186                     0.34        0.78        3.94        1.67
  187                     0.84        0.43        3.83        1.86
  189                     0.83        0.43        3.83        1.92
  191                     0.82        0.43        3.82        1.97
  193                     0.69        0.43        4.73        3.94
  195                     0.32        0.52        5.12        4.61
  197                     0.27        0.56        5.14        4.73
  199                     0.31        0.67        4.32        4.14
  201                     0.20        0.47        5.47        4.71
  202                     0.31        0.74        4.20        2.74
  203                     0.35        0.69        4.24        3.69
  204                     0.27        0.75        4.36        3.53
  205                     0.32        0.77        3.93        2.40
  207                     0.42        0.72        3.89        2.13
  209                     0.43        0.72        3.90        2.20
  211                     0.83        0.43        3.82        1.70
  213                     0.32        0.80        3.95        2.27
  215                     0.40        0.75        3.90        2.11
  217                     0.38        0.73        3.94        3.67
  219                     0.51        0.70        3.90        2.31
  221                     0.52        0.68        3.90        2.03
  223                     0.35        0.80        3.90        2.15
  225                     0.43        0.78        3.90        1.96
  229                     0.81        0.43        3.82        1.70
  231                     0.80        0.43        3.81        1.71
  233                     0.79        0.43        3.81        1.71
  235                     0.78        0.43        3.79        1.76
  237                     0.27        0.75        4.55        3.61
  238                     0.33        0.69        4.52        3.00
  239                     0.55        0.48        3.90        2.11
  240                     0.31        0.69        4.53        3.03
  241                     0.30        0.70        4.53        3.06
  243                     0.27        0.70        4.57        3.58
  245                     0.24        0.71        4.78        4.85
  247                     0.17        0.38        6.54        6.31
  249                     0.13        0.19        6.79        5.95
  251                     0.08        0.13        6.64        5.41
  257                     0.08        0.13        6.64        5.34
  261                     0.18        0.65        5.92        5.82
  263                     0.10        0.15        6.35        5.18
  269                     0.23        0.71        4.73        4.20
  271                     0.14        0.37        6.32        6.43
  273                     0.18        0.69        5.38        5.40
  275                     0.16        0.64        5.67        7.30
  277                     0.04        0.11        5.15        3.88
  281                     0.15        0.41        6.46        6.65
  283                     0.15        0.56        6.10        6.76
  285                     0.15        0.44        6.47        7.20
  287                     0.12        0.30        6.66        6.05
  289                     0.05        0.23        6.48        5.21
  291                     0.07        0.22        6.63        5.75
  293                     0.07        0.23        6.62        5.30
  295                     0.12        0.28        6.63        6.23
  297                     0.55        0.70        3.91        1.64
  299                     0.56        0.72        3.92        1.81
  301                     0.57        0.73        3.92        1.76
  303                     0.59        0.70        3.91        1.77
  305                     0.57        0.74        3.92        1.90
  307                     0.58        0.74        3.92        1.81
  309                     0.48        0.71        3.90        2.06
  311                     0.39        0.77        3.90        2.08
  313                     0.56        0.64        3.89        2.40
  315                     0.80        0.44        3.81        1.95
  317                     0.64        0.48        3.92        1.74
  319                     0.42        0.64        4.20        3.39
  321                     0.86        0.42        3.83        1.85
  323                     0.61        0.48        3.92        2.01
  325                     0.72        0.50        3.84        1.52
  329                     1.09        0.40        3.93        1.85
  330                     1.16        0.40        3.96        2.00
  333                     1.15        0.40        3.95        2.00
  10                      1.20        1.00        0.00        0.00
  335                     1.20        0.40        4.00        0.00
  
  Analysis ended Thu Mar 22 11:38:11 2007
